// Jest Snapshot v1, https://goo.gl/fbAQLP

exports[`Test vendorsReducer should set isFetchingVendors to false and have vendors List populated 1`] = `
Object {
  "isFetchingVendors": false,
  "vendors": Array [
    Object {
      "addresses": Array [
        Object {
          "building_name": null,
          "building_number": "202",
          "county": "Suffolk",
          "id": 1,
          "position": 0,
          "postcode": "DD1 2NF",
          "street": "Amelia Courts",
          "sub_building": null,
          "town": "Lake Staceyview",
        },
        Object {
          "building_name": null,
          "building_number": "86",
          "county": "Suffolk",
          "id": 2,
          "position": 1,
          "postcode": "SG6 1PR",
          "street": "Evelyn Springs",
          "sub_building": null,
          "town": "Walkermouth",
        },
      ],
      "country_of_residence": "United Kingdom",
      "date_of_birth": "1974-12-01",
      "email_address": "lucas.graham@example.net",
      "first_names": "Finley",
      "id": 4,
      "identification_files": Array [
        Object {
          "id": 8,
          "label": "Bank Statement",
          "list": "B",
          "mime_type": "image/png",
          "path": "/admin/check/7/fetch-file/8",
          "type": "proof_of_id_bank_society_or_union_statement",
        },
        Object {
          "id": 9,
          "label": "Blue Disabled Drivers Pass",
          "list": "B",
          "mime_type": "image/jpeg",
          "path": "/admin/check/7/fetch-file/9",
          "type": "proof_of_id_blue_disabled_drivers_pass",
        },
      ],
      "last_name": "Powell",
      "living_at_the_property_you_are_selling": false,
      "living_at_the_property_you_are_selling_for_at_least_twelve_months": null,
      "occupation": "developer",
      "owned_since_month": "January",
      "owned_since_year": "2000",
      "phone_number": "07000000000",
      "politically_exposed": true,
      "present_at_home_visit": true,
      "primary": true,
      "proof_of_address_files": Array [
        Object {
          "id": 2,
          "label": "Bank Statement",
          "list": "C",
          "mime_type": "image/jpeg",
          "path": "/admin/check/5/fetch-file/2",
          "type": "proof_of_address_bank_statement",
        },
      ],
      "reason_for_selling": "Selling to buy a larger house",
      "title": "Mr",
      "type": "legal_owner",
    },
    Object {
      "addresses": Array [
        Object {
          "building_name": null,
          "building_number": "92",
          "county": "Suffolk",
          "id": 5,
          "position": 0,
          "postcode": "G65 9BG",
          "street": "Dave Drive",
          "sub_building": null,
          "town": "Bellview",
        },
      ],
      "country_of_residence": "France",
      "date_of_birth": "1996-01-24",
      "email_address": "danielle92@example.net",
      "first_names": "Ray",
      "id": 34,
      "identification_files": Array [
        Object {
          "id": 3,
          "label": "UK Birth Certificate",
          "list": "B",
          "mime_type": "image/jpeg",
          "path": "/admin/check/8/fetch-file/3",
          "type": "proof_of_id_uk_birth_certificate",
        },
        Object {
          "id": 4,
          "label": "Utility Bill",
          "list": "B",
          "mime_type": "image/jpeg",
          "path": "/admin/check/8/fetch-file/4",
          "type": "proof_of_id_utility_bill_utility_statement_or_certificate_letter",
        },
      ],
      "last_name": "Ross",
      "living_at_the_property_you_are_selling": false,
      "living_at_the_property_you_are_selling_for_at_least_twelve_months": null,
      "occupation": "developer",
      "owned_since_month": "January",
      "owned_since_year": "2000",
      "phone_number": "07000000000",
      "politically_exposed": false,
      "present_at_home_visit": false,
      "primary": false,
      "proof_of_address_files": Array [
        Object {
          "id": 5,
          "label": "TV Licence",
          "list": "C",
          "mime_type": "image/jpeg",
          "path": "/admin/check/6/fetch-file/5",
          "type": "proof_of_address_current_tv_licence",
        },
      ],
      "reason_for_selling": "Selling to buy a larger house",
      "title": "Mr",
      "type": "legal_owner",
    },
  ],
}
`;
