// Jest Snapshot v1, https://goo.gl/fbAQLP

exports[`vendorsReducer should set isFetchingVendors to false and have vendors List populated 1`] = `
Object {
  "isFetchingVendors": false,
  "vendors": Array [
    Object {
      "addresses": Array [
        Object {
          "building_name": null,
          "building_number": "44",
          "county": "Suffolk",
          "id": 1,
          "position": 0,
          "postcode": "L38 9EB",
          "street": "Evelyn Field",
          "sub_building": null,
          "town": "Holmesborough",
        },
        Object {
          "building_name": null,
          "building_number": "892",
          "county": "Suffolk",
          "id": 2,
          "position": 1,
          "postcode": "WF9 2JY",
          "street": "Alexander Junctions",
          "sub_building": null,
          "town": "Graceview",
        },
      ],
      "country_of_residence": "France",
      "date_of_birth": "1984-04-23",
      "email_address": "simon@gmail.com",
      "first_names": "Jessie",
      "id": 4,
      "last_name": "Wongus",
      "living_at_the_property_you_are_selling": false,
      "living_at_the_property_you_are_selling_for_at_least_twelve_months": null,
      "occupation": "Manager",
      "owned_since_month": null,
      "owned_since_year": null,
      "phone_number": "07000000000",
      "politically_exposed": true,
      "present_at_home_visit": true,
      "primary": true,
      "reason_for_selling": "I need a bigger house",
      "title": "Mr",
      "type": "beneficial_owner",
    },
    Object {
      "addresses": Array [],
      "country_of_residence": null,
      "date_of_birth": null,
      "email_address": null,
      "first_names": "Luke",
      "id": 35,
      "last_name": "Pearl",
      "living_at_the_property_you_are_selling": null,
      "living_at_the_property_you_are_selling_for_at_least_twelve_months": null,
      "occupation": null,
      "owned_since_month": null,
      "owned_since_year": null,
      "phone_number": null,
      "politically_exposed": null,
      "present_at_home_visit": true,
      "primary": false,
      "reason_for_selling": null,
      "title": "Mr",
      "type": "beneficial_owner",
    },
  ],
}
`;
